<testsuites id="" name="" tests="55" failures="0" skipped="55" errors="0" time="3.6960300000000004">
<testsuite name="production_goals\CPT0101.spec.ts" timestamp="2026-05-08T12:02:01.757Z" hostname="firefox" tests="6" failures="0" skipped="6" time="0" errors="0">
<testcase name="Log verification after UI actions › Validation of success abandoned error message on  UI for CPT0101" classname="production_goals\CPT0101.spec.ts" time="0">
<skipped>
</skipped>
</testcase>
<testcase name="Log verification after UI actions › Validation of success message on both Putty and UI for CPT0101" classname="production_goals\CPT0101.spec.ts" time="0">
<skipped>
</skipped>
</testcase>
<testcase name="Log verification after UI actions › Validation of view button UI for CPT0101" classname="production_goals\CPT0101.spec.ts" time="0">
<skipped>
</skipped>
</testcase>
<testcase name="Log verification after UI actions › Validation of modify button UI for CPT0101" classname="production_goals\CPT0101.spec.ts" time="0">
<skipped>
</skipped>
</testcase>
<testcase name="Log verification after UI actions › Validation of duplicate button UI for CPT0101" classname="production_goals\CPT0101.spec.ts" time="0">
<skipped>
</skipped>
</testcase>
<testcase name="Log verification after UI actions › Validation of delete success message UI for CPT0101" classname="production_goals\CPT0101.spec.ts" time="0">
<skipped>
</skipped>
</testcase>
</testsuite>
<testsuite name="production_goals\CPT0102Screen.spec.ts" timestamp="2026-05-08T12:02:01.757Z" hostname="firefox" tests="10" failures="0" skipped="10" time="0" errors="0">
<testcase name="Log verification after UI actions › Validation of creation abandoned error message on  UI for CPT0102" classname="production_goals\CPT0102Screen.spec.ts" time="0">
<skipped>
</skipped>
</testcase>
<testcase name="Log verification after UI actions › Validation of error messages while creation on  UI for CPT0102" classname="production_goals\CPT0102Screen.spec.ts" time="0">
<skipped>
</skipped>
</testcase>
<testcase name="Log verification after UI actions › Validation of create success message on  UI for CPT0102" classname="production_goals\CPT0102Screen.spec.ts" time="0">
<skipped>
</skipped>
</testcase>
<testcase name="Log verification after UI actions › Validation of view button on  UI for CPT0102" classname="production_goals\CPT0102Screen.spec.ts" time="0">
<skipped>
</skipped>
</testcase>
<testcase name="Log verification after UI actions › Validation of Modify abandoned error message on  UI for CPT0102" classname="production_goals\CPT0102Screen.spec.ts" time="0">
<skipped>
</skipped>
</testcase>
<testcase name="Log verification after UI actions › Validation of Modify button on  UI for CPT0102" classname="production_goals\CPT0102Screen.spec.ts" time="0">
<skipped>
</skipped>
</testcase>
<testcase name="Log verification after UI actions › Validation of Duplicate error message on  UI for CPT0102" classname="production_goals\CPT0102Screen.spec.ts" time="0">
<skipped>
</skipped>
</testcase>
<testcase name="Log verification after UI actions › Validation of Duplicate success message on  UI for CPT0102" classname="production_goals\CPT0102Screen.spec.ts" time="0">
<skipped>
</skipped>
</testcase>
<testcase name="Log verification after UI actions › Validation of Delete abandoned error message on  UI for CPT0102" classname="production_goals\CPT0102Screen.spec.ts" time="0">
<skipped>
</skipped>
</testcase>
<testcase name="Log verification after UI actions › Validation of Delete success message on  UI for CPT0102" classname="production_goals\CPT0102Screen.spec.ts" time="0">
<skipped>
</skipped>
</testcase>
</testsuite>
<testsuite name="production_goals\CPT0104.spec.ts" timestamp="2026-05-08T12:02:01.757Z" hostname="firefox" tests="3" failures="0" skipped="3" time="0" errors="0">
<testcase name="Log verification after UI actions › Validation of success abandoned error message on  UI for CPT0101" classname="production_goals\CPT0104.spec.ts" time="0">
<skipped>
</skipped>
</testcase>
<testcase name="Log verification after UI actions › Validation of success done success message on  UI for CPT0101" classname="production_goals\CPT0104.spec.ts" time="0">
<skipped>
</skipped>
</testcase>
<testcase name="Log verification after UI actions › Validation of view on  UI for CPT0101" classname="production_goals\CPT0104.spec.ts" time="0">
<skipped>
</skipped>
</testcase>
</testsuite>
<testsuite name="topology\dataDependant.spec.ts" timestamp="2026-05-08T12:02:01.757Z" hostname="firefox" tests="1" failures="0" skipped="1" time="0" errors="0">
<testcase name="Verify touchScreen" classname="topology\dataDependant.spec.ts" time="0">
<skipped>
</skipped>
</testcase>
</testsuite>
<testsuite name="topology\sample.spec.ts" timestamp="2026-05-08T12:02:01.757Z" hostname="firefox" tests="1" failures="0" skipped="1" time="0" errors="0">
<testcase name="Log verification after UI actions › Login flow should produce an auth log entry" classname="topology\sample.spec.ts" time="0">
<skipped>
</skipped>
</testcase>
</testsuite>
<testsuite name="topology\TOP0301Creation.spec.ts" timestamp="2026-05-08T12:02:01.757Z" hostname="firefox" tests="1" failures="0" skipped="1" time="0" errors="0">
<testcase name="Log verification after UI actions › Login flow should produce an auth log entry" classname="topology\TOP0301Creation.spec.ts" time="0">
<skipped>
</skipped>
</testcase>
</testsuite>
<testsuite name="topology\TOP0401Screen.spec.ts" timestamp="2026-05-08T12:02:01.757Z" hostname="firefox" tests="8" failures="0" skipped="8" time="0" errors="0">
<testcase name="Log verification after UI actions › Validation of field error messages on UI for TOP0401" classname="topology\TOP0401Screen.spec.ts" time="0">
<skipped>
</skipped>
</testcase>
<testcase name="Log verification after UI actions › Validation of creation abondened error message on  UI for TOP0401" classname="topology\TOP0401Screen.spec.ts" time="0">
<skipped>
</skipped>
</testcase>
<testcase name="Log verification after UI actions › Validation of creation success message on both UI and PuTTy" classname="topology\TOP0401Screen.spec.ts" time="0">
<skipped>
</skipped>
</testcase>
<testcase name="Log verification after UI actions › Validation of view in UI" classname="topology\TOP0401Screen.spec.ts" time="0">
<skipped>
</skipped>
</testcase>
<testcase name="Log verification after UI actions › Validation of modification abondened error message on  UI for TOP0601" classname="topology\TOP0401Screen.spec.ts" time="0">
<skipped>
</skipped>
</testcase>
<testcase name="Log verification after UI actions › Validation of modify  success message on both UI and PuTTy" classname="topology\TOP0401Screen.spec.ts" time="0">
<skipped>
</skipped>
</testcase>
<testcase name="Log verification after UI actions › Validation of deletion abondened error message on  UI for TOP0601" classname="topology\TOP0401Screen.spec.ts" time="0">
<skipped>
</skipped>
</testcase>
<testcase name="Log verification after UI actions › Validation of delete  success message on both UI and PuTTy" classname="topology\TOP0401Screen.spec.ts" time="0">
<skipped>
</skipped>
</testcase>
</testsuite>
<testsuite name="topology\TOP0501Screen.spec.ts" timestamp="2026-05-08T12:02:01.757Z" hostname="firefox" tests="8" failures="0" skipped="8" time="0" errors="0">
<testcase name="Log verification after UI actions › Validation of field error messages on UI for TOP0501" classname="topology\TOP0501Screen.spec.ts" time="0">
<skipped>
</skipped>
</testcase>
<testcase name="Log verification after UI actions › Validation of creation abondened error message on  UI for TOP0601" classname="topology\TOP0501Screen.spec.ts" time="0">
<skipped>
</skipped>
</testcase>
<testcase name="Log verification after UI actions › Validation of creation success message on both UI and PuTTy for TOP0501" classname="topology\TOP0501Screen.spec.ts" time="0">
<skipped>
</skipped>
</testcase>
<testcase name="Log verification after UI actions › Validation of view in UI for TOP0501" classname="topology\TOP0501Screen.spec.ts" time="0">
<skipped>
</skipped>
</testcase>
<testcase name="Log verification after UI actions › Validation of modification abondened error message on  UI for TOP0502" classname="topology\TOP0501Screen.spec.ts" time="0">
<skipped>
</skipped>
</testcase>
<testcase name="Log verification after UI actions › Validation of modify  success message on both UI and PuTTy for TOP0501" classname="topology\TOP0501Screen.spec.ts" time="0">
<skipped>
</skipped>
</testcase>
<testcase name="Log verification after UI actions › Validation of deletion abondened error message on  UI for TOP0502" classname="topology\TOP0501Screen.spec.ts" time="0">
<skipped>
</skipped>
</testcase>
<testcase name="Log verification after UI actions › Validation of delete  success message on both UI and PuTTy for TOP0501" classname="topology\TOP0501Screen.spec.ts" time="0">
<skipped>
</skipped>
</testcase>
</testsuite>
<testsuite name="topology\TOP0502Screen.spec.ts" timestamp="2026-05-08T12:02:01.757Z" hostname="firefox" tests="9" failures="0" skipped="9" time="0" errors="0">
<testcase name="Log verification after UI actions › Validation of field error messages on UI for TOP0502" classname="topology\TOP0502Screen.spec.ts" time="0">
<skipped>
</skipped>
</testcase>
<testcase name="Log verification after UI actions › Validation of creation abondened error message on  UI for TOP0502" classname="topology\TOP0502Screen.spec.ts" time="0">
<skipped>
</skipped>
</testcase>
<testcase name="Log verification after UI actions › Validation of creation success message on both UI and PuTTy for TOP0502" classname="topology\TOP0502Screen.spec.ts" time="0">
<skipped>
</skipped>
</testcase>
<testcase name="Log verification after UI actions › Validation of Rights functionality add and remove all lines on  UI  for TOP0502" classname="topology\TOP0502Screen.spec.ts" time="0">
<skipped>
</skipped>
</testcase>
<testcase name="Log verification after UI actions › Validation of view in UI for TOP0502" classname="topology\TOP0502Screen.spec.ts" time="0">
<skipped>
</skipped>
</testcase>
<testcase name="Log verification after UI actions › Validation of modification abondened error message on  UI for TOP0502" classname="topology\TOP0502Screen.spec.ts" time="0">
<skipped>
</skipped>
</testcase>
<testcase name="Log verification after UI actions › Validation of modify  success message on both UI and PuTTy for TOP0502" classname="topology\TOP0502Screen.spec.ts" time="0">
<skipped>
</skipped>
</testcase>
<testcase name="Log verification after UI actions › Validation of Deletion abondened error message on  UI for TOP0502" classname="topology\TOP0502Screen.spec.ts" time="0">
<skipped>
</skipped>
</testcase>
<testcase name="Log verification after UI actions › Validation of delete  success message on both UI and PuTTy for TOP0502" classname="topology\TOP0502Screen.spec.ts" time="0">
<skipped>
</skipped>
</testcase>
</testsuite>
<testsuite name="topology\TOP0601Screen.spec.ts" timestamp="2026-05-08T12:02:01.757Z" hostname="firefox" tests="8" failures="0" skipped="8" time="0" errors="0">
<testcase name="Log verification after UI actions For TOP0601 › Validation of field error messages on UI for TOP0601" classname="topology\TOP0601Screen.spec.ts" time="0">
<skipped>
</skipped>
</testcase>
<testcase name="Log verification after UI actions For TOP0601 › Validation of creation abondened error message on  UI for TOP0601" classname="topology\TOP0601Screen.spec.ts" time="0">
<skipped>
</skipped>
</testcase>
<testcase name="Log verification after UI actions For TOP0601 › Validation of creation success message on both UI and PuTTy for TOP0601" classname="topology\TOP0601Screen.spec.ts" time="0">
<skipped>
</skipped>
</testcase>
<testcase name="Log verification after UI actions For TOP0601 › Validation of view in UI for TOP0601" classname="topology\TOP0601Screen.spec.ts" time="0">
<skipped>
</skipped>
</testcase>
<testcase name="Log verification after UI actions For TOP0601 › Validation of modification abondened error message on  UI for TOP0601" classname="topology\TOP0601Screen.spec.ts" time="0">
<skipped>
</skipped>
</testcase>
<testcase name="Log verification after UI actions For TOP0601 › Validation of modify  success message on both UI and PuTTy for TOP0601" classname="topology\TOP0601Screen.spec.ts" time="0">
<skipped>
</skipped>
</testcase>
<testcase name="Log verification after UI actions For TOP0601 › Validation of deletion abondened error message on  UI for TOP0601" classname="topology\TOP0601Screen.spec.ts" time="0">
<skipped>
</skipped>
</testcase>
<testcase name="Log verification after UI actions For TOP0601 › Validation of delete  success message on both UI and PuTTy for TOP0601" classname="topology\TOP0601Screen.spec.ts" time="0">
<skipped>
</skipped>
</testcase>
</testsuite>
</testsuites>